Resolving dependencies...
Downloading packages...
  _fe_analyzer_shared 85.0.0 (97.0.0 available)
  _flutterfire_internals 1.3.66 (1.3.67 available)
  analyzer 7.6.0 (11.0.0 available)
  analyzer_plugin 0.13.4 (0.14.5 available)
  build 2.5.4 (4.0.4 available)
  build_config 1.1.2 (1.3.0 available)
  build_resolvers 2.5.4 (3.0.4 available)
  build_runner 2.5.4 (2.12.2 available)
  build_runner_core 9.1.2 (9.3.2 available)
  characters 1.4.0 (1.4.1 available)
  cloud_firestore 6.1.2 (6.1.3 available)
  cloud_firestore_platform_interface 7.0.6 (7.0.7 available)
  cloud_firestore_web 5.1.2 (5.1.3 available)
  cloud_functions 6.0.6 (6.0.7 available)
  cloud_functions_platform_interface 5.8.9 (5.8.10 available)
  cloud_functions_web 5.1.2 (5.1.3 available)
  connectivity_plus 5.0.2 (7.0.0 available)
  connectivity_plus_platform_interface 1.2.4 (2.0.1 available)
  custom_lint_core 0.7.5 (0.8.2 available)
  custom_lint_visitor 1.0.0+7.7.0 (1.0.0+9.0.0 available)
  dart_jsonwebtoken 2.17.0 (3.3.2 available)
  dart_style 3.1.1 (3.1.7 available)
  drift 2.28.2 (2.32.0 available)
  drift_dev 2.28.0 (2.32.0 available)
  firebase_auth 6.1.4 (6.2.0 available)
  firebase_auth_platform_interface 8.1.6 (8.1.7 available)
  firebase_auth_web 6.1.2 (6.1.3 available)
  firebase_core 4.4.0 (4.5.0 available)
  firebase_core_web 3.4.0 (3.5.0 available)
  flutter_riverpod 2.6.1 (3.2.1 available)
  hooks 1.0.1 (1.0.2 available)
  js 0.6.7 (0.7.2 available)
  matcher 0.12.17 (0.12.19 available)
  material_color_utilities 0.11.1 (0.13.0 available)
  meta 1.17.0 (1.18.1 available)
  mockito 5.4.6 (5.6.3 available)
  native_toolchain_c 0.17.4 (0.17.5 available)
  pointycastle 3.9.1 (4.0.0 available)
  riverpod 2.6.1 (3.2.1 available)
  riverpod_annotation 2.6.1 (4.0.2 available)
  riverpod_generator 2.6.5 (4.0.3 available)
  rx 0.4.0 (0.5.0 available)
  shared_preferences_android 2.4.20 (2.4.21 available)
  source_gen 2.0.0 (4.2.0 available)
  sqlite3 2.9.4 (3.1.6 available)
  sqlite3_flutter_libs 0.5.41 (0.6.0+eol available)
  sqlparser 0.41.2 (0.44.2 available)
  test_api 0.7.7 (0.7.10 available)
  win32 5.15.0 (6.0.0 available)
Got dependencies!
49 packages have newer versions incompatible with dependency constraints.
Try `flutter pub outdated` for more information.
00:00 +0: loading /app/test/core/router/app_router_test.dart                                                                                                                                           00:01 +0: loading /app/test/core/router/app_router_test.dart                                                                                                                                           00:02 +0: loading /app/test/core/router/app_router_test.dart                                                                                                                                           00:03 +0: loading /app/test/core/router/app_router_test.dart                                                                                                                                           00:03 +0: (setUpAll)                                                                                                                                                                                   00:03 +0: Route Existence can navigate to maintenance screen                                                                                                                                           00:04 +0: Route Existence can navigate to maintenance screen                                                                                                                                           00:04 +0: Route Existence can navigate to maintenance screen
══╡ EXCEPTION CAUGHT BY WIDGETS LIBRARY ╞═══════════════════════════════════════════════════════════
The following _TypeError was thrown building HomeScreen(dirty, dependencies:
[InheritedCupertinoTheme, _InheritedTheme, _LocalizationsScope-[GlobalKey#3d3fa]], state:
_HomeScreenState#2918d):
Null check operator used on a null value

The relevant error-causing widget was:
  HomeScreen HomeScreen:file:///app/lib/core/router/app_router.dart:113:44

When the exception was thrown, this was the stack:
#0      _HomeScreenState.build (package:tenniscourtcare/features/home/presentation/screens/home_screen.dart:48:62)
#1      StatefulElement.build (package:flutter/src/widgets/framework.dart:5934:27)
#2      ConsumerStatefulElement.build (package:flutter_riverpod/src/consumer.dart:539:20)
#3      ComponentElement.performRebuild (package:flutter/src/widgets/framework.dart:5820:15)
#4      StatefulElement.performRebuild (package:flutter/src/widgets/framework.dart:5985:11)
#5      Element.rebuild (package:flutter/src/widgets/framework.dart:5532:7)
#6      ComponentElement._firstBuild (package:flutter/src/widgets/framework.dart:5802:5)
#7      StatefulElement._firstBuild (package:flutter/src/widgets/framework.dart:5976:11)
#8      ComponentElement.mount (package:flutter/src/widgets/framework.dart:5796:5)
...     Normal element mounting (266 frames)
#274    Element.inflateWidget (package:flutter/src/widgets/framework.dart:4590:20)
#275    MultiChildRenderObjectElement.inflateWidget (package:flutter/src/widgets/framework.dart:7269:36)
#276    MultiChildRenderObjectElement.mount (package:flutter/src/widgets/framework.dart:7285:32)
...     Normal element mounting (520 frames)
#796    _UncontrolledProviderScopeElement.mount (package:flutter_riverpod/src/framework.dart:315:11)
...     Normal element mounting (9 frames)
#805    Element.inflateWidget (package:flutter/src/widgets/framework.dart:4590:20)
#806    Element.updateChild (package:flutter/src/widgets/framework.dart:4053:20)
#807    ComponentElement.performRebuild (package:flutter/src/widgets/framework.dart:5844:16)
#808    Element.rebuild (package:flutter/src/widgets/framework.dart:5532:7)
#809    ProxyElement.update (package:flutter/src/widgets/framework.dart:6152:5)
#810    _InheritedNotifierElement.update (package:flutter/src/widgets/inherited_notifier.dart:108:11)
#811    Element.updateChild (package:flutter/src/widgets/framework.dart:4037:15)
#812    ComponentElement.performRebuild (package:flutter/src/widgets/framework.dart:5844:16)
#813    StatefulElement.performRebuild (package:flutter/src/widgets/framework.dart:5985:11)
#814    Element.rebuild (package:flutter/src/widgets/framework.dart:5532:7)
#815    StatefulElement.update (package:flutter/src/widgets/framework.dart:6010:5)
#816    Element.updateChild (package:flutter/src/widgets/framework.dart:4037:15)
#817    ComponentElement.performRebuild (package:flutter/src/widgets/framework.dart:5844:16)
#818    Element.rebuild (package:flutter/src/widgets/framework.dart:5532:7)
#819    ProxyElement.update (package:flutter/src/widgets/framework.dart:6152:5)
#820    _InheritedNotifierElement.update (package:flutter/src/widgets/inherited_notifier.dart:108:11)
#821    Element.updateChild (package:flutter/src/widgets/framework.dart:4037:15)
#822    ComponentElement.performRebuild (package:flutter/src/widgets/framework.dart:5844:16)
#823    StatefulElement.performRebuild (package:flutter/src/widgets/framework.dart:5985:11)
#824    Element.rebuild (package:flutter/src/widgets/framework.dart:5532:7)
#825    StatefulElement.update (package:flutter/src/widgets/framework.dart:6010:5)
#826    Element.updateChild (package:flutter/src/widgets/framework.dart:4037:15)
#827    ComponentElement.performRebuild (package:flutter/src/widgets/framework.dart:5844:16)
#828    StatefulElement.performRebuild (package:flutter/src/widgets/framework.dart:5985:11)
#829    Element.rebuild (package:flutter/src/widgets/framework.dart:5532:7)
#830    StatefulElement.update (package:flutter/src/widgets/framework.dart:6010:5)
#831    Element.updateChild (package:flutter/src/widgets/framework.dart:4037:15)
#832    ComponentElement.performRebuild (package:flutter/src/widgets/framework.dart:5844:16)
#833    Element.rebuild (package:flutter/src/widgets/framework.dart:5532:7)
#834    ProxyElement.update (package:flutter/src/widgets/framework.dart:6152:5)
#835    Element.updateChild (package:flutter/src/widgets/framework.dart:4037:15)
#836    ComponentElement.performRebuild (package:flutter/src/widgets/framework.dart:5844:16)
#837    StatefulElement.performRebuild (package:flutter/src/widgets/framework.dart:5985:11)
#838    Element.rebuild (package:flutter/src/widgets/framework.dart:5532:7)
#839    StatefulElement.update (package:flutter/src/widgets/framework.dart:6010:5)
#840    Element.updateChild (package:flutter/src/widgets/framework.dart:4037:15)
#841    ComponentElement.performRebuild (package:flutter/src/widgets/framework.dart:5844:16)
#842    Element.rebuild (package:flutter/src/widgets/framework.dart:5532:7)
#843    ProxyElement.update (package:flutter/src/widgets/framework.dart:6152:5)
#844    Element.updateChild (package:flutter/src/widgets/framework.dart:4037:15)
#845    ComponentElement.performRebuild (package:flutter/src/widgets/framework.dart:5844:16)
#846    Element.rebuild (package:flutter/src/widgets/framework.dart:5532:7)
#847    ProxyElement.update (package:flutter/src/widgets/framework.dart:6152:5)
#848    Element.updateChild (package:flutter/src/widgets/framework.dart:4037:15)
#849    _RawViewElement._updateChild (package:flutter/src/widgets/view.dart:481:16)
#850    _RawViewElement.update (package:flutter/src/widgets/view.dart:568:5)
#851    Element.updateChild (package:flutter/src/widgets/framework.dart:4037:15)
#852    ComponentElement.performRebuild (package:flutter/src/widgets/framework.dart:5844:16)
#853    Element.rebuild (package:flutter/src/widgets/framework.dart:5532:7)
#854    StatelessElement.update (package:flutter/src/widgets/framework.dart:5898:5)
#855    Element.updateChild (package:flutter/src/widgets/framework.dart:4037:15)
#856    ComponentElement.performRebuild (package:flutter/src/widgets/framework.dart:5844:16)
#857    StatefulElement.performRebuild (package:flutter/src/widgets/framework.dart:5985:11)
#858    Element.rebuild (package:flutter/src/widgets/framework.dart:5532:7)
#859    StatefulElement.update (package:flutter/src/widgets/framework.dart:6010:5)
#860    Element.updateChild (package:flutter/src/widgets/framework.dart:4037:15)
#861    RootElement._rebuild (package:flutter/src/widgets/binding.dart:1782:16)
#862    RootElement.update (package:flutter/src/widgets/binding.dart:1760:5)
#863    RootElement.performRebuild (package:flutter/src/widgets/binding.dart:1774:7)
#864    Element.rebuild (package:flutter/src/widgets/framework.dart:5532:7)
#865    BuildScope._tryRebuild (package:flutter/src/widgets/framework.dart:2750:15)
#866    BuildScope._flushDirtyElements (package:flutter/src/widgets/framework.dart:2807:11)
#867    BuildOwner.buildScope (package:flutter/src/widgets/framework.dart:3111:18)
#868    AutomatedTestWidgetsFlutterBinding.drawFrame (package:flutter_test/src/binding.dart:1506:19)
#869    RendererBinding._handlePersistentFrameCallback (package:flutter/src/rendering/binding.dart:495:5)
#870    SchedulerBinding._invokeFrameCallback (package:flutter/src/scheduler/binding.dart:1434:15)
#871    SchedulerBinding.handleDrawFrame (package:flutter/src/scheduler/binding.dart:1347:9)
#872    AutomatedTestWidgetsFlutterBinding.pump.<anonymous closure> (package:flutter_test/src/binding.dart:1335:9)
#875    TestAsyncUtils.guard (package:flutter_test/src/test_async_utils.dart:74:41)
#876    AutomatedTestWidgetsFlutterBinding.pump (package:flutter_test/src/binding.dart:1324:27)
#877    WidgetTester.pumpWidget.<anonymous closure> (package:flutter_test/src/widget_tester.dart:598:22)
#880    TestAsyncUtils.guard (package:flutter_test/src/test_async_utils.dart:74:41)
#881    WidgetTester.pumpWidget (package:flutter_test/src/widget_tester.dart:595:27)
#882    main.<anonymous closure>.<anonymous closure>.<anonymous closure> (file:///app/test/core/router/app_router_test.dart:594:22)
#887    HttpOverrides.runZoned (dart:_http/overrides.dart:59:23)
#888    mockNetworkImagesFor (package:network_image_mock/src/network_image_mock.dart:9:24)
#889    main.<anonymous closure>.<anonymous closure> (file:///app/test/core/router/app_router_test.dart:588:13)
#890    testWidgets.<anonymous closure>.<anonymous closure> (package:flutter_test/src/widget_tester.dart:192:29)
<asynchronous suspension>
#891    TestWidgetsFlutterBinding._runTestBody (package:flutter_test/src/binding.dart:1059:5)
<asynchronous suspension>
<asynchronous suspension>
(elided 9 frames from dart:async and package:stack_trace)

════════════════════════════════════════════════════════════════════════════════════════════════════
══╡ EXCEPTION CAUGHT BY WIDGETS LIBRARY ╞═══════════════════════════════════════════════════════════
The following _TypeError was thrown building HomeScreen(dirty, dependencies:
[InheritedCupertinoTheme, _InheritedTheme, _LocalizationsScope-[GlobalKey#3d3fa]], state:
_HomeScreenState#8d587):
Null check operator used on a null value

The relevant error-causing widget was:
  HomeScreen HomeScreen:file:///app/lib/core/router/app_router.dart:113:44

When the exception was thrown, this was the stack:
#0      _HomeScreenState.build (package:tenniscourtcare/features/home/presentation/screens/home_screen.dart:48:62)
#1      StatefulElement.build (package:flutter/src/widgets/framework.dart:5934:27)
#2      ConsumerStatefulElement.build (package:flutter_riverpod/src/consumer.dart:539:20)
#3      ComponentElement.performRebuild (package:flutter/src/widgets/framework.dart:5820:15)
#4      StatefulElement.performRebuild (package:flutter/src/widgets/framework.dart:5985:11)
#5      Element.rebuild (package:flutter/src/widgets/framework.dart:5532:7)
#6      ComponentElement._firstBuild (package:flutter/src/widgets/framework.dart:5802:5)
#7      StatefulElement._firstBuild (package:flutter/src/widgets/framework.dart:5976:11)
#8      ComponentElement.mount (package:flutter/src/widgets/framework.dart:5796:5)
...     Normal element mounting (266 frames)
#274    Element.inflateWidget (package:flutter/src/widgets/framework.dart:4590:20)
#275    MultiChildRenderObjectElement.inflateWidget (package:flutter/src/widgets/framework.dart:7269:36)
#276    MultiChildRenderObjectElement.mount (package:flutter/src/widgets/framework.dart:7285:32)
...     Normal element mounting (97 frames)
#373    Element.inflateWidget (package:flutter/src/widgets/framework.dart:4590:20)
#374    Element.updateChild (package:flutter/src/widgets/framework.dart:4053:20)
#375    ComponentElement.performRebuild (package:flutter/src/widgets/framework.dart:5844:16)
#376    Element.rebuild (package:flutter/src/widgets/framework.dart:5532:7)
#377    ProxyElement.update (package:flutter/src/widgets/framework.dart:6152:5)
#378    Element.updateChild (package:flutter/src/widgets/framework.dart:4037:15)
#379    ComponentElement.performRebuild (package:flutter/src/widgets/framework.dart:5844:16)
#380    Element.rebuild (package:flutter/src/widgets/framework.dart:5532:7)
#381    StatelessElement.update (package:flutter/src/widgets/framework.dart:5898:5)
#382    Element.updateChild (package:flutter/src/widgets/framework.dart:4037:15)
#383    ComponentElement.performRebuild (package:flutter/src/widgets/framework.dart:5844:16)
#384    Element.rebuild (package:flutter/src/widgets/framework.dart:5532:7)
#385    ProxyElement.update (package:flutter/src/widgets/framework.dart:6152:5)
#386    Element.updateChild (package:flutter/src/widgets/framework.dart:4037:15)
#387    ComponentElement.performRebuild (package:flutter/src/widgets/framework.dart:5844:16)
#388    Element.rebuild (package:flutter/src/widgets/framework.dart:5532:7)
#389    ProxyElement.update (package:flutter/src/widgets/framework.dart:6152:5)
#390    Element.updateChild (package:flutter/src/widgets/framework.dart:4037:15)
#391    ComponentElement.performRebuild (package:flutter/src/widgets/framework.dart:5844:16)
#392    StatefulElement.performRebuild (package:flutter/src/widgets/framework.dart:5985:11)
#393    Element.rebuild (package:flutter/src/widgets/framework.dart:5532:7)
#394    StatefulElement.update (package:flutter/src/widgets/framework.dart:6010:5)
#395    Element.updateChild (package:flutter/src/widgets/framework.dart:4037:15)
#396    ComponentElement.performRebuild (package:flutter/src/widgets/framework.dart:5844:16)
#397    Element.rebuild (package:flutter/src/widgets/framework.dart:5532:7)
#398    ProxyElement.update (package:flutter/src/widgets/framework.dart:6152:5)
#399    Element.updateChild (package:flutter/src/widgets/framework.dart:4037:15)
#400    ComponentElement.performRebuild (package:flutter/src/widgets/framework.dart:5844:16)
#401    Element.rebuild (package:flutter/src/widgets/framework.dart:5532:7)
#402    ProxyElement.update (package:flutter/src/widgets/framework.dart:6152:5)
#403    Element.updateChild (package:flutter/src/widgets/framework.dart:4037:15)
#404    ComponentElement.performRebuild (package:flutter/src/widgets/framework.dart:5844:16)
#405    StatefulElement.performRebuild (package:flutter/src/widgets/framework.dart:5985:11)
#406    Element.rebuild (package:flutter/src/widgets/framework.dart:5532:7)
#407    StatefulElement.update (package:flutter/src/widgets/framework.dart:6010:5)
#408    Element.updateChild (package:flutter/src/widgets/framework.dart:4037:15)
#409    ComponentElement.performRebuild (package:flutter/src/widgets/framework.dart:5844:16)
#410    Element.rebuild (package:flutter/src/widgets/framework.dart:5532:7)
#411    ProxyElement.update (package:flutter/src/widgets/framework.dart:6152:5)
#412    Element.updateChild (package:flutter/src/widgets/framework.dart:4037:15)
#413    ComponentElement.performRebuild (package:flutter/src/widgets/framework.dart:5844:16)
#414    Element.rebuild (package:flutter/src/widgets/framework.dart:5532:7)
#415    ProxyElement.update (package:flutter/src/widgets/framework.dart:6152:5)
#416    Element.updateChild (package:flutter/src/widgets/framework.dart:4037:15)
#417    ComponentElement.performRebuild (package:flutter/src/widgets/framework.dart:5844:16)
#418    Element.rebuild (package:flutter/src/widgets/framework.dart:5532:7)
#419    ProxyElement.update (package:flutter/src/widgets/framework.dart:6152:5)
#420    Element.updateChild (package:flutter/src/widgets/framework.dart:4037:15)
#421    ComponentElement.performRebuild (package:flutter/src/widgets/framework.dart:5844:16)
#422    Element.rebuild (package:flutter/src/widgets/framework.dart:5532:7)
#423    ProxyElement.update (package:flutter/src/widgets/framework.dart:6152:5)
#424    Element.updateChild (package:flutter/src/widgets/framework.dart:4037:15)
#425    ComponentElement.performRebuild (package:flutter/src/widgets/framework.dart:5844:16)
#426    Element.rebuild (package:flutter/src/widgets/framework.dart:5532:7)
#427    StatelessElement.update (package:flutter/src/widgets/framework.dart:5898:5)
#428    Element.updateChild (package:flutter/src/widgets/framework.dart:4037:15)
#429    ComponentElement.performRebuild (package:flutter/src/widgets/framework.dart:5844:16)
#430    Element.rebuild (package:flutter/src/widgets/framework.dart:5532:7)
#431    ProxyElement.update (package:flutter/src/widgets/framework.dart:6152:5)
#432    Element.updateChild (package:flutter/src/widgets/framework.dart:4037:15)
#433    ComponentElement.performRebuild (package:flutter/src/widgets/framework.dart:5844:16)
#434    Element.rebuild (package:flutter/src/widgets/framework.dart:5532:7)
#435    StatelessElement.update (package:flutter/src/widgets/framework.dart:5898:5)
#436    Element.updateChild (package:flutter/src/widgets/framework.dart:4037:15)
#437    ComponentElement.performRebuild (package:flutter/src/widgets/framework.dart:5844:16)
#438    StatefulElement.performRebuild (package:flutter/src/widgets/framework.dart:5985:11)
#439    Element.rebuild (package:flutter/src/widgets/framework.dart:5532:7)
#440    StatefulElement.update (package:flutter/src/widgets/framework.dart:6010:5)
#441    Element.updateChild (package:flutter/src/widgets/framework.dart:4037:15)
#442    ComponentElement.performRebuild (package:flutter/src/widgets/framework.dart:5844:16)
#443    Element.rebuild (package:flutter/src/widgets/framework.dart:5532:7)
#444    StatelessElement.update (package:flutter/src/widgets/framework.dart:5898:5)
#445    Element.updateChild (package:flutter/src/widgets/framework.dart:4037:15)
#446    ComponentElement.performRebuild (package:flutter/src/widgets/framework.dart:5844:16)
#447    Element.rebuild (package:flutter/src/widgets/framework.dart:5532:7)
#448    ProxyElement.update (package:flutter/src/widgets/framework.dart:6152:5)
#449    Element.updateChild (package:flutter/src/widgets/framework.dart:4037:15)
#450    ComponentElement.performRebuild (package:flutter/src/widgets/framework.dart:5844:16)
#451    StatefulElement.performRebuild (package:flutter/src/widgets/framework.dart:5985:11)
#452    Element.rebuild (package:flutter/src/widgets/framework.dart:5532:7)
#453    StatefulElement.update (package:flutter/src/widgets/framework.dart:6010:5)
#454    Element.updateChild (package:flutter/src/widgets/framework.dart:4037:15)
#455    SingleChildRenderObjectElement.update (package:flutter/src/widgets/framework.dart:7125:14)
#456    Element.updateChild (package:flutter/src/widgets/framework.dart:4037:15)
#457    ComponentElement.performRebuild (package:flutter/src/widgets/framework.dart:5844:16)
#458    StatefulElement.performRebuild (package:flutter/src/widgets/framework.dart:5985:11)
#459    Element.rebuild (package:flutter/src/widgets/framework.dart:5532:7)
#460    StatefulElement.update (package:flutter/src/widgets/framework.dart:6010:5)
#461    Element.updateChild (package:flutter/src/widgets/framework.dart:4037:15)
#462    ComponentElement.performRebuild (package:flutter/src/widgets/framework.dart:5844:16)
#463    Element.rebuild (package:flutter/src/widgets/framework.dart:5532:7)
#464    StatelessElement.update (package:flutter/src/widgets/framework.dart:5898:5)
#465    Element.updateChild (package:flutter/src/widgets/framework.dart:4037:15)
#466    ComponentElement.performRebuild (package:flutter/src/widgets/framework.dart:5844:16)
#467    Element.rebuild (package:flutter/src/widgets/framework.dart:5532:7)
#468    StatelessElement.update (package:flutter/src/widgets/framework.dart:5898:5)
#469    Element.updateChild (package:flutter/src/widgets/framework.dart:4037:15)
#470    ComponentElement.performRebuild (package:flutter/src/widgets/framework.dart:5844:16)
#471    Element.rebuild (package:flutter/src/widgets/framework.dart:5532:7)
#472    ProxyElement.update (package:flutter/src/widgets/framework.dart:6152:5)
#473    Element.updateChild (package:flutter/src/widgets/framework.dart:4037:15)
#474    ComponentElement.performRebuild (package:flutter/src/widgets/framework.dart:5844:16)
#475    Element.rebuild (package:flutter/src/widgets/framework.dart:5532:7)
#476    ProxyElement.update (package:flutter/src/widgets/framework.dart:6152:5)
#477    Element.updateChild (package:flutter/src/widgets/framework.dart:4037:15)
#478    SingleChildRenderObjectElement.update (package:flutter/src/widgets/framework.dart:7125:14)
#479    Element.updateChild (package:flutter/src/widgets/framework.dart:4037:15)
#480    ComponentElement.performRebuild (package:flutter/src/widgets/framework.dart:5844:16)
#481    StatefulElement.performRebuild (package:flutter/src/widgets/framework.dart:5985:11)
#482    Element.rebuild (package:flutter/src/widgets/framework.dart:5532:7)
#483    StatefulElement.update (package:flutter/src/widgets/framework.dart:6010:5)
#484    Element.updateChild (package:flutter/src/widgets/framework.dart:4037:15)
#485    ComponentElement.performRebuild (package:flutter/src/widgets/framework.dart:5844:16)
#486    StatefulElement.performRebuild (package:flutter/src/widgets/framework.dart:5985:11)
#487    Element.rebuild (package:flutter/src/widgets/framework.dart:5532:7)
#488    StatefulElement.update (package:flutter/src/widgets/framework.dart:6010:5)
#489    Element.updateChild (package:flutter/src/widgets/framework.dart:4037:15)
#490    SingleChildRenderObjectElement.update (package:flutter/src/widgets/framework.dart:7125:14)
#491    Element.updateChild (package:flutter/src/widgets/framework.dart:4037:15)
#492    ComponentElement.performRebuild (package:flutter/src/widgets/framework.dart:5844:16)
#493    Element.rebuild (package:flutter/src/widgets/framework.dart:5532:7)
#494    ProxyElement.update (package:flutter/src/widgets/framework.dart:6152:5)
#495    _InheritedNotifierElement.update (package:flutter/src/widgets/inherited_notifier.dart:108:11)
#496    Element.updateChild (package:flutter/src/widgets/framework.dart:4037:15)
#497    ComponentElement.performRebuild (package:flutter/src/widgets/framework.dart:5844:16)
#498    StatefulElement.performRebuild (package:flutter/src/widgets/framework.dart:5985:11)
#499    Element.rebuild (package:flutter/src/widgets/framework.dart:5532:7)
#500    StatefulElement.update (package:flutter/src/widgets/framework.dart:6010:5)
#501    Element.updateChild (package:flutter/src/widgets/framework.dart:4037:15)
#502    ComponentElement.performRebuild (package:flutter/src/widgets/framework.dart:5844:16)
#503    StatefulElement.performRebuild (package:flutter/src/widgets/framework.dart:5985:11)
#504    Element.rebuild (package:flutter/src/widgets/framework.dart:5532:7)
#505    StatefulElement.update (package:flutter/src/widgets/framework.dart:6010:5)
#506    Element.updateChild (package:flutter/src/widgets/framework.dart:4037:15)
#507    ComponentElement.performRebuild (package:flutter/src/widgets/framework.dart:5844:16)
#508    Element.rebuild (package:flutter/src/widgets/framework.dart:5532:7)
#509    ProxyElement.update (package:flutter/src/widgets/framework.dart:6152:5)
#510    Element.updateChild (package:flutter/src/widgets/framework.dart:4037:15)
#511    ComponentElement.performRebuild (package:flutter/src/widgets/framework.dart:5844:16)
#512    StatefulElement.performRebuild (package:flutter/src/widgets/framework.dart:5985:11)
#513    Element.rebuild (package:flutter/src/widgets/framework.dart:5532:7)
#514    StatefulElement.update (package:flutter/src/widgets/framework.dart:6010:5)
#515    Element.updateChild (package:flutter/src/widgets/framework.dart:4037:15)
#516    SingleChildRenderObjectElement.update (package:flutter/src/widgets/framework.dart:7125:14)
#517    Element.updateChild (package:flutter/src/widgets/framework.dart:4037:15)
#518    ComponentElement.performRebuild (package:flutter/src/widgets/framework.dart:5844:16)
#519    Element.rebuild (package:flutter/src/widgets/framework.dart:5532:7)
#520    ProxyElement.update (package:flutter/src/widgets/framework.dart:6152:5)
#521    _InheritedNotifierElement.update (package:flutter/src/widgets/inherited_notifier.dart:108:11)
#522    Element.updateChild (package:flutter/src/widgets/framework.dart:4037:15)
#523    ComponentElement.performRebuild (package:flutter/src/widgets/framework.dart:5844:16)
#524    StatefulElement.performRebuild (package:flutter/src/widgets/framework.dart:5985:11)
#525    Element.rebuild (package:flutter/src/widgets/framework.dart:5532:7)
#526    StatefulElement.update (package:flutter/src/widgets/framework.dart:6010:5)
#527    Element.updateChild (package:flutter/src/widgets/framework.dart:4037:15)
#528    ComponentElement.performRebuild (package:flutter/src/widgets/framework.dart:5844:16)
#529    StatefulElement.performRebuild (package:flutter/src/widgets/framework.dart:5985:11)
#530    Element.rebuild (package:flutter/src/widgets/framework.dart:5532:7)
#531    StatefulElement.update (package:flutter/src/widgets/framework.dart:6010:5)
#532    Element.updateChild (package:flutter/src/widgets/framework.dart:4037:15)
#533    ComponentElement.performRebuild (package:flutter/src/widgets/framework.dart:5844:16)
#534    Element.rebuild (package:flutter/src/widgets/framework.dart:5532:7)
#535    ProxyElement.update (package:flutter/src/widgets/framework.dart:6152:5)
#536    Element.updateChild (package:flutter/src/widgets/framework.dart:4037:15)
#537    ComponentElement.performRebuild (package:flutter/src/widgets/framework.dart:5844:16)
#538    StatefulElement.performRebuild (package:flutter/src/widgets/framework.dart:5985:11)
#539    Element.rebuild (package:flutter/src/widgets/framework.dart:5532:7)
#540    StatefulElement.update (package:flutter/src/widgets/framework.dart:6010:5)
#541    Element.updateChild (package:flutter/src/widgets/framework.dart:4037:15)
#542    SingleChildRenderObjectElement.update (package:flutter/src/widgets/framework.dart:7125:14)
#543    Element.updateChild (package:flutter/src/widgets/framework.dart:4037:15)
#544    ComponentElement.performRebuild (package:flutter/src/widgets/framework.dart:5844:16)
#545    Element.rebuild (package:flutter/src/widgets/framework.dart:5532:7)
#546    ProxyElement.update (package:flutter/src/widgets/framework.dart:6152:5)
#547    _InheritedNotifierElement.update (package:flutter/src/widgets/inherited_notifier.dart:108:11)
#548    Element.updateChild (package:flutter/src/widgets/framework.dart:4037:15)
#549    ComponentElement.performRebuild (package:flutter/src/widgets/framework.dart:5844:16)
#550    StatefulElement.performRebuild (package:flutter/src/widgets/framework.dart:5985:11)
#551    Element.rebuild (package:flutter/src/widgets/framework.dart:5532:7)
#552    StatefulElement.update (package:flutter/src/widgets/framework.dart:6010:5)
#553    Element.updateChild (package:flutter/src/widgets/framework.dart:4037:15)
#554    ComponentElement.performRebuild (package:flutter/src/widgets/framework.dart:5844:16)
#555    StatefulElement.performRebuild (package:flutter/src/widgets/framework.dart:5985:11)
#556    Element.rebuild (package:flutter/src/widgets/framework.dart:5532:7)
#557    StatefulElement.update (package:flutter/src/widgets/framework.dart:6010:5)
#558    Element.updateChild (package:flutter/src/widgets/framework.dart:4037:15)
#559    ComponentElement.performRebuild (package:flutter/src/widgets/framework.dart:5844:16)
#560    Element.rebuild (package:flutter/src/widgets/framework.dart:5532:7)
#561    StatelessElement.update (package:flutter/src/widgets/framework.dart:5898:5)
#562    Element.updateChild (package:flutter/src/widgets/framework.dart:4037:15)
#563    SingleChildRenderObjectElement.update (package:flutter/src/widgets/framework.dart:7125:14)
#564    Element.updateChild (package:flutter/src/widgets/framework.dart:4037:15)
#565    ComponentElement.performRebuild (package:flutter/src/widgets/framework.dart:5844:16)
#566    Element.rebuild (package:flutter/src/widgets/framework.dart:5532:7)
#567    ProxyElement.update (package:flutter/src/widgets/framework.dart:6152:5)
#568    _InheritedNotifierElement.update (package:flutter/src/widgets/inherited_notifier.dart:108:11)
#569    Element.updateChild (package:flutter/src/widgets/framework.dart:4037:15)
#570    ComponentElement.performRebuild (package:flutter/src/widgets/framework.dart:5844:16)
#571    StatefulElement.performRebuild (package:flutter/src/widgets/framework.dart:5985:11)
#572    Element.rebuild (package:flutter/src/widgets/framework.dart:5532:7)
#573    StatefulElement.update (package:flutter/src/widgets/framework.dart:6010:5)
#574    Element.updateChild (package:flutter/src/widgets/framework.dart:4037:15)
#575    ComponentElement.performRebuild (package:flutter/src/widgets/framework.dart:5844:16)
#576    StatefulElement.performRebuild (package:flutter/src/widgets/framework.dart:5985:11)
#577    Element.rebuild (package:flutter/src/widgets/framework.dart:5532:7)
#578    StatefulElement.update (package:flutter/src/widgets/framework.dart:6010:5)
#579    Element.updateChild (package:flutter/src/widgets/framework.dart:4037:15)
#580    ComponentElement.performRebuild (package:flutter/src/widgets/framework.dart:5844:16)
#581    Element.rebuild (package:flutter/src/widgets/framework.dart:5532:7)
#582    ProxyElement.update (package:flutter/src/widgets/framework.dart:6152:5)
#583    Element.updateChild (package:flutter/src/widgets/framework.dart:4037:15)
#584    ComponentElement.performRebuild (package:flutter/src/widgets/framework.dart:5844:16)
#585    Element.rebuild (package:flutter/src/widgets/framework.dart:5532:7)
#586    ProxyElement.update (package:flutter/src/widgets/framework.dart:6152:5)
#587    Element.updateChild (package:flutter/src/widgets/framework.dart:4037:15)
#588    ComponentElement.performRebuild (package:flutter/src/widgets/framework.dart:5844:16)
#589    StatefulElement.performRebuild (package:flutter/src/widgets/framework.dart:5985:11)
#590    Element.rebuild (package:flutter/src/widgets/framework.dart:5532:7)
#591    StatefulElement.update (package:flutter/src/widgets/framework.dart:6010:5)
#592    Element.updateChild (package:flutter/src/widgets/framework.dart:4037:15)
#593    ComponentElement.performRebuild (package:flutter/src/widgets/framework.dart:5844:16)
#594    Element.rebuild (package:flutter/src/widgets/framework.dart:5532:7)
#595    ProxyElement.update (package:flutter/src/widgets/framework.dart:6152:5)
#596    Element.updateChild (package:flutter/src/widgets/framework.dart:4037:15)
#597    ComponentElement.performRebuild (package:flutter/src/widgets/framework.dart:5844:16)
#598    StatefulElement.performRebuild (package:flutter/src/widgets/framework.dart:5985:11)
#599    Element.rebuild (package:flutter/src/widgets/framework.dart:5532:7)
#600    StatefulElement.update (package:flutter/src/widgets/framework.dart:6010:5)
#601    Element.updateChild (package:flutter/src/widgets/framework.dart:4037:15)
#602    ComponentElement.performRebuild (package:flutter/src/widgets/framework.dart:5844:16)
#603    Element.rebuild (package:flutter/src/widgets/framework.dart:5532:7)
#604    ProxyElement.update (package:flutter/src/widgets/framework.dart:6152:5)
#605    Element.updateChild (package:flutter/src/widgets/framework.dart:4037:15)
#606    ComponentElement.performRebuild (package:flutter/src/widgets/framework.dart:5844:16)
#607    StatefulElement.performRebuild (package:flutter/src/widgets/framework.dart:5985:11)
#608    Element.rebuild (package:flutter/src/widgets/framework.dart:5532:7)
#609    StatefulElement.update (package:flutter/src/widgets/framework.dart:6010:5)
#610    Element.updateChild (package:flutter/src/widgets/framework.dart:4037:15)
#611    ComponentElement.performRebuild (package:flutter/src/widgets/framework.dart:5844:16)
#612    StatefulElement.performRebuild (package:flutter/src/widgets/framework.dart:5985:11)
#613    Element.rebuild (package:flutter/src/widgets/framework.dart:5532:7)
#614    StatefulElement.update (package:flutter/src/widgets/framework.dart:6010:5)
#615    Element.updateChild (package:flutter/src/widgets/framework.dart:4037:15)
#616    SingleChildRenderObjectElement.update (package:flutter/src/widgets/framework.dart:7125:14)
#617    Element.updateChild (package:flutter/src/widgets/framework.dart:4037:15)
#618    ComponentElement.performRebuild (package:flutter/src/widgets/framework.dart:5844:16)
#619    Element.rebuild (package:flutter/src/widgets/framework.dart:5532:7)
#620    ProxyElement.update (package:flutter/src/widgets/framework.dart:6152:5)
#621    _InheritedNotifierElement.update (package:flutter/src/widgets/inherited_notifier.dart:108:11)
#622    Element.updateChild (package:flutter/src/widgets/framework.dart:4037:15)
#623    ComponentElement.performRebuild (package:flutter/src/widgets/framework.dart:5844:16)
#624    StatefulElement.performRebuild (package:flutter/src/widgets/framework.dart:5985:11)
#625    Element.rebuild (package:flutter/src/widgets/framework.dart:5532:7)
#626    StatefulElement.update (package:flutter/src/widgets/framework.dart:6010:5)
#627    Element.updateChild (package:flutter/src/widgets/framework.dart:4037:15)
#628    ComponentElement.performRebuild (package:flutter/src/widgets/framework.dart:5844:16)
#629    Element.rebuild (package:flutter/src/widgets/framework.dart:5532:7)
#630    ProxyElement.update (package:flutter/src/widgets/framework.dart:6152:5)
#631    Element.updateChild (package:flutter/src/widgets/framework.dart:4037:15)
#632    ComponentElement.performRebuild (package:flutter/src/widgets/framework.dart:5844:16)
#633    Element.rebuild (package:flutter/src/widgets/framework.dart:5532:7)
#634    ProxyElement.update (package:flutter/src/widgets/framework.dart:6152:5)
#635    Element.updateChild (package:flutter/src/widgets/framework.dart:4037:15)
#636    ComponentElement.performRebuild (package:flutter/src/widgets/framework.dart:5844:16)
#637    StatefulElement.performRebuild (package:flutter/src/widgets/framework.dart:5985:11)
#638    Element.rebuild (package:flutter/src/widgets/framework.dart:5532:7)
#639    StatefulElement.update (package:flutter/src/widgets/framework.dart:6010:5)
#640    Element.updateChild (package:flutter/src/widgets/framework.dart:4037:15)
#641    ComponentElement.performRebuild (package:flutter/src/widgets/framework.dart:5844:16)
#642    Element.rebuild (package:flutter/src/widgets/framework.dart:5532:7)
#643    ProxyElement.update (package:flutter/src/widgets/framework.dart:6152:5)
#644    Element.updateChild (package:flutter/src/widgets/framework.dart:4037:15)
#645    ComponentElement.performRebuild (package:flutter/src/widgets/framework.dart:5844:16)
#646    StatefulElement.performRebuild (package:flutter/src/widgets/framework.dart:5985:11)
#647    Element.rebuild (package:flutter/src/widgets/framework.dart:5532:7)
#648    BuildScope._tryRebuild (package:flutter/src/widgets/framework.dart:2750:15)
#649    BuildScope._flushDirtyElements (package:flutter/src/widgets/framework.dart:2807:11)
#650    BuildOwner.buildScope (package:flutter/src/widgets/framework.dart:3111:18)
#651    AutomatedTestWidgetsFlutterBinding.drawFrame (package:flutter_test/src/binding.dart:1506:19)
#652    RendererBinding._handlePersistentFrameCallback (package:flutter/src/rendering/binding.dart:495:5)
#653    SchedulerBinding._invokeFrameCallback (package:flutter/src/scheduler/binding.dart:1434:15)
#654    SchedulerBinding.handleDrawFrame (package:flutter/src/scheduler/binding.dart:1347:9)
#655    AutomatedTestWidgetsFlutterBinding.pump.<anonymous closure> (package:flutter_test/src/binding.dart:1335:9)
#658    TestAsyncUtils.guard (package:flutter_test/src/test_async_utils.dart:74:41)
#659    AutomatedTestWidgetsFlutterBinding.pump (package:flutter_test/src/binding.dart:1324:27)
#660    WidgetTester.pump.<anonymous closure> (package:flutter_test/src/widget_tester.dart:652:53)
#663    TestAsyncUtils.guard (package:flutter_test/src/test_async_utils.dart:74:41)
#664    WidgetTester.pump (package:flutter_test/src/widget_tester.dart:652:27)
#665    main.<anonymous closure>.<anonymous closure>.<anonymous closure> (file:///app/test/core/router/app_router_test.dart:620:22)
<asynchronous suspension>
#666    main.<anonymous closure>.<anonymous closure> (file:///app/test/core/router/app_router_test.dart:588:7)
<asynchronous suspension>
#667    testWidgets.<anonymous closure>.<anonymous closure> (package:flutter_test/src/widget_tester.dart:192:15)
<asynchronous suspension>
#668    TestWidgetsFlutterBinding._runTestBody (package:flutter_test/src/binding.dart:1059:5)
<asynchronous suspension>
<asynchronous suspension>
(elided 5 frames from dart:async and package:stack_trace)

════════════════════════════════════════════════════════════════════════════════════════════════════
══╡ EXCEPTION CAUGHT BY WIDGETS LIBRARY ╞═══════════════════════════════════════════════════════════
The following _TypeError was thrown building _UpcomingMaintenancesTab(dirty, dependencies:
[InheritedCupertinoTheme, _InheritedTheme, _LocalizationsScope-[GlobalKey#3d3fa]], state:
_ConsumerState#13a46):
Null check operator used on a null value

The relevant error-causing widget was:
  _UpcomingMaintenancesTab
  _UpcomingMaintenancesTab:file:///app/lib/features/maintenance/presentation/screens/maintenance_screen.dart:77:22

When the exception was thrown, this was the stack:
#0      _UpcomingMaintenancesTab.build (package:tenniscourtcare/features/maintenance/presentation/screens/maintenance_screen.dart:118:62)
#1      _ConsumerState.build (package:flutter_riverpod/src/consumer.dart:476:19)
#2      StatefulElement.build (package:flutter/src/widgets/framework.dart:5934:27)
#3      ConsumerStatefulElement.build (package:flutter_riverpod/src/consumer.dart:539:20)
#4      ComponentElement.performRebuild (package:flutter/src/widgets/framework.dart:5820:15)
#5      StatefulElement.performRebuild (package:flutter/src/widgets/framework.dart:5985:11)
#6      Element.rebuild (package:flutter/src/widgets/framework.dart:5532:7)
#7      ComponentElement._firstBuild (package:flutter/src/widgets/framework.dart:5802:5)
#8      StatefulElement._firstBuild (package:flutter/src/widgets/framework.dart:5976:11)
#9      ComponentElement.mount (package:flutter/src/widgets/framework.dart:5796:5)
...     Normal element mounting (50 frames)
#59     Element.inflateWidget (package:flutter/src/widgets/framework.dart:4590:20)
#60     Element.updateChild (package:flutter/src/widgets/framework.dart:4059:18)
#61     SliverMultiBoxAdaptorElement.updateChild (package:flutter/src/widgets/sliver.dart:1068:37)
#62     SliverMultiBoxAdaptorElement.createChild.<anonymous closure> (package:flutter/src/widgets/sliver.dart:1052:20)
#63     BuildOwner.buildScope (package:flutter/src/widgets/framework.dart:3101:19)
#64     SliverMultiBoxAdaptorElement.createChild (package:flutter/src/widgets/sliver.dart:1042:12)
#65     RenderSliverMultiBoxAdaptor._createOrObtainChild.<anonymous closure> (package:flutter/src/rendering/sliver_multi_box_adaptor.dart:372:23)
#66     RenderObject.invokeLayoutCallback.<anonymous closure> (package:flutter/src/rendering/object.dart:2894:17)
#67     PipelineOwner._enableMutationsToDirtySubtrees (package:flutter/src/rendering/object.dart:1219:15)
#68     RenderObject.invokeLayoutCallback (package:flutter/src/rendering/object.dart:2893:14)
#69     RenderSliverMultiBoxAdaptor._createOrObtainChild (package:flutter/src/rendering/sliver_multi_box_adaptor.dart:360:5)
#70     RenderSliverMultiBoxAdaptor.addInitialChild (package:flutter/src/rendering/sliver_multi_box_adaptor.dart:460:5)
#71     RenderSliverFixedExtentBoxAdaptor.performLayout (package:flutter/src/rendering/sliver_fixed_extent_list.dart:319:12)
#72     RenderObject.layout (package:flutter/src/rendering/object.dart:2775:7)
#73     RenderSliverEdgeInsetsPadding.performLayout (package:flutter/src/rendering/sliver_padding.dart:133:12)
#74     _RenderSliverFractionalPadding.performLayout (package:flutter/src/widgets/sliver_fill.dart:162:11)
#75     RenderObject.layout (package:flutter/src/rendering/object.dart:2775:7)
#76     RenderViewportBase.layoutChildSequence (package:flutter/src/rendering/viewport.dart:673:13)
#77     RenderViewport._attemptLayout (package:flutter/src/rendering/viewport.dart:1684:12)
#78     RenderViewport.performLayout (package:flutter/src/rendering/viewport.dart:1575:20)
#79     RenderObject.layout (package:flutter/src/rendering/object.dart:2775:7)
#80     RenderProxyBoxMixin.performLayout (package:flutter/src/rendering/proxy_box.dart:115:18)
#81     RenderObject.layout (package:flutter/src/rendering/object.dart:2775:7)
#82     RenderProxyBoxMixin.performLayout (package:flutter/src/rendering/proxy_box.dart:115:18)
#83     RenderObject.layout (package:flutter/src/rendering/object.dart:2775:7)
#84     RenderProxyBoxMixin.performLayout (package:flutter/src/rendering/proxy_box.dart:115:18)
#85     RenderObject.layout (package:flutter/src/rendering/object.dart:2775:7)
#86     RenderProxyBoxMixin.performLayout (package:flutter/src/rendering/proxy_box.dart:115:18)
#87     RenderObject.layout (package:flutter/src/rendering/object.dart:2775:7)
#88     RenderProxyBoxMixin.performLayout (package:flutter/src/rendering/proxy_box.dart:115:18)
#89     RenderObject.layout (package:flutter/src/rendering/object.dart:2775:7)
#90     RenderProxyBoxMixin.performLayout (package:flutter/src/rendering/proxy_box.dart:115:18)
#91     RenderObject.layout (package:flutter/src/rendering/object.dart:2775:7)
#92     RenderProxyBoxMixin.performLayout (package:flutter/src/rendering/proxy_box.dart:115:18)
#93     RenderObject.layout (package:flutter/src/rendering/object.dart:2775:7)
#94     RenderProxyBoxMixin.performLayout (package:flutter/src/rendering/proxy_box.dart:115:18)
#95     _RenderCustomClip.performLayout (package:flutter/src/rendering/proxy_box.dart:1481:11)
#96     RenderObject.layout (package:flutter/src/rendering/object.dart:2775:7)
#97     RenderSliverFillRemainingWithScrollable.performLayout (package:flutter/src/rendering/sliver_fill.dart:103:14)
#98     RenderObject.layout (package:flutter/src/rendering/object.dart:2775:7)
#99     RenderViewportBase.layoutChildSequence (package:flutter/src/rendering/viewport.dart:673:13)
#100    RenderViewport._attemptLayout (package:flutter/src/rendering/viewport.dart:1684:12)
#101    RenderViewport.performLayout (package:flutter/src/rendering/viewport.dart:1575:20)
#102    RenderObject.layout (package:flutter/src/rendering/object.dart:2775:7)
#103    RenderProxyBoxMixin.performLayout (package:flutter/src/rendering/proxy_box.dart:115:18)
#104    RenderObject.layout (package:flutter/src/rendering/object.dart:2775:7)
#105    RenderProxyBoxMixin.performLayout (package:flutter/src/rendering/proxy_box.dart:115:18)
#106    RenderObject.layout (package:flutter/src/rendering/object.dart:2775:7)
#107    RenderProxyBoxMixin.performLayout (package:flutter/src/rendering/proxy_box.dart:115:18)
#108    RenderObject.layout (package:flutter/src/rendering/object.dart:2775:7)
#109    RenderProxyBoxMixin.performLayout (package:flutter/src/rendering/proxy_box.dart:115:18)
#110    RenderObject.layout (package:flutter/src/rendering/object.dart:2775:7)
#111    RenderProxyBoxMixin.performLayout (package:flutter/src/rendering/proxy_box.dart:115:18)
#112    RenderObject.layout (package:flutter/src/rendering/object.dart:2775:7)
#113    RenderProxyBoxMixin.performLayout (package:flutter/src/rendering/proxy_box.dart:115:18)
#114    RenderObject.layout (package:flutter/src/rendering/object.dart:2775:7)
#115    RenderProxyBoxMixin.performLayout (package:flutter/src/rendering/proxy_box.dart:115:18)
#116    RenderObject.layout (package:flutter/src/rendering/object.dart:2775:7)
#117    RenderProxyBoxMixin.performLayout (package:flutter/src/rendering/proxy_box.dart:115:18)
#118    _RenderCustomClip.performLayout (package:flutter/src/rendering/proxy_box.dart:1481:11)
#119    RenderObject.layout (package:flutter/src/rendering/object.dart:2775:7)
#120    MultiChildLayoutDelegate.layoutChild (package:flutter/src/rendering/custom_layout.dart:180:12)
#121    _ScaffoldLayout.performLayout (package:flutter/src/material/scaffold.dart:1112:7)
#122    MultiChildLayoutDelegate._callPerformLayout (package:flutter/src/rendering/custom_layout.dart:249:7)
#123    RenderCustomMultiChildLayoutBox.performLayout (package:flutter/src/rendering/custom_layout.dart:420:14)
#124    RenderObject.layout (package:flutter/src/rendering/object.dart:2775:7)
#125    RenderProxyBoxMixin.performLayout (package:flutter/src/rendering/proxy_box.dart:115:18)
#126    RenderObject.layout (package:flutter/src/rendering/object.dart:2775:7)
#127    RenderProxyBoxMixin.performLayout (package:flutter/src/rendering/proxy_box.dart:115:18)
#128    _RenderCustomClip.performLayout (package:flutter/src/rendering/proxy_box.dart:1481:11)
#129    RenderObject.layout (package:flutter/src/rendering/object.dart:2775:7)
#130    RenderProxyBoxMixin.performLayout (package:flutter/src/rendering/proxy_box.dart:115:18)
#131    RenderObject.layout (package:flutter/src/rendering/object.dart:2775:7)
#132    RenderProxyBoxMixin.performLayout (package:flutter/src/rendering/proxy_box.dart:115:18)
#133    RenderObject.layout (package:flutter/src/rendering/object.dart:2775:7)
#134    RenderProxyBoxMixin.performLayout (package:flutter/src/rendering/proxy_box.dart:115:18)
#135    RenderObject.layout (package:flutter/src/rendering/object.dart:2775:7)
#136    RenderProxyBoxMixin.performLayout (package:flutter/src/rendering/proxy_box.dart:115:18)
#137    RenderObject.layout (package:flutter/src/rendering/object.dart:2775:7)
#138    RenderProxyBoxMixin.performLayout (package:flutter/src/rendering/proxy_box.dart:115:18)
#139    RenderObject.layout (package:flutter/src/rendering/object.dart:2775:7)
#140    RenderProxyBoxMixin.performLayout (package:flutter/src/rendering/proxy_box.dart:115:18)
#141    RenderObject.layout (package:flutter/src/rendering/object.dart:2775:7)
#142    RenderProxyBoxMixin.performLayout (package:flutter/src/rendering/proxy_box.dart:115:18)
#143    RenderObject.layout (package:flutter/src/rendering/object.dart:2775:7)
#144    RenderProxyBoxMixin.performLayout (package:flutter/src/rendering/proxy_box.dart:115:18)
#145    RenderObject.layout (package:flutter/src/rendering/object.dart:2775:7)
#146    RenderProxyBoxMixin.performLayout (package:flutter/src/rendering/proxy_box.dart:115:18)
#147    RenderObject.layout (package:flutter/src/rendering/object.dart:2775:7)
#148    RenderProxyBoxMixin.performLayout (package:flutter/src/rendering/proxy_box.dart:115:18)
#149    RenderObject.layout (package:flutter/src/rendering/object.dart:2775:7)
#150    RenderProxyBoxMixin.performLayout (package:flutter/src/rendering/proxy_box.dart:115:18)
#151    RenderObject.layout (package:flutter/src/rendering/object.dart:2775:7)
#152    RenderProxyBoxMixin.performLayout (package:flutter/src/rendering/proxy_box.dart:115:18)
#153    RenderObject.layout (package:flutter/src/rendering/object.dart:2775:7)
#154    RenderProxyBoxMixin.performLayout (package:flutter/src/rendering/proxy_box.dart:115:18)
#155    RenderObject.layout (package:flutter/src/rendering/object.dart:2775:7)
#156    RenderProxyBoxMixin.performLayout (package:flutter/src/rendering/proxy_box.dart:115:18)
#157    RenderObject.layout (package:flutter/src/rendering/object.dart:2775:7)
#158    RenderProxyBoxMixin.performLayout (package:flutter/src/rendering/proxy_box.dart:115:18)
#159    RenderObject.layout (package:flutter/src/rendering/object.dart:2775:7)
#160    RenderOffstage.performLayout (package:flutter/src/rendering/proxy_box.dart:3846:14)
#161    RenderObject.layout (package:flutter/src/rendering/object.dart:2775:7)
#162    RenderProxyBoxMixin.performLayout (package:flutter/src/rendering/proxy_box.dart:115:18)
#163    RenderObject.layout (package:flutter/src/rendering/object.dart:2775:7)
#164    _RenderTheaterMixin.layoutChild (package:flutter/src/widgets/overlay.dart:1084:13)
#165    _RenderTheater.performLayout (package:flutter/src/widgets/overlay.dart:1429:9)
#166    RenderObject._layoutWithoutResize (package:flutter/src/rendering/object.dart:2623:7)
#167    PipelineOwner.flushLayout (package:flutter/src/rendering/object.dart:1170:18)
#168    PipelineOwner.flushLayout (package:flutter/src/rendering/object.dart:1183:15)
#169    AutomatedTestWidgetsFlutterBinding.drawFrame (package:flutter_test/src/binding.dart:1508:27)
#170    RendererBinding._handlePersistentFrameCallback (package:flutter/src/rendering/binding.dart:495:5)
#171    SchedulerBinding._invokeFrameCallback (package:flutter/src/scheduler/binding.dart:1434:15)
#172    SchedulerBinding.handleDrawFrame (package:flutter/src/scheduler/binding.dart:1347:9)
#173    AutomatedTestWidgetsFlutterBinding.pump.<anonymous closure> (package:flutter_test/src/binding.dart:1335:9)
#176    TestAsyncUtils.guard (package:flutter_test/src/test_async_utils.dart:74:41)
#177    AutomatedTestWidgetsFlutterBinding.pump (package:flutter_test/src/binding.dart:1324:27)
#178    WidgetTester.pump.<anonymous closure> (package:flutter_test/src/widget_tester.dart:652:53)
#181    TestAsyncUtils.guard (package:flutter_test/src/test_async_utils.dart:74:41)
#182    WidgetTester.pump (package:flutter_test/src/widget_tester.dart:652:27)
#183    main.<anonymous closure>.<anonymous closure>.<anonymous closure> (file:///app/test/core/router/app_router_test.dart:623:22)
<asynchronous suspension>
#184    main.<anonymous closure>.<anonymous closure> (file:///app/test/core/router/app_router_test.dart:588:7)
<asynchronous suspension>
#185    testWidgets.<anonymous closure>.<anonymous closure> (package:flutter_test/src/widget_tester.dart:192:15)
<asynchronous suspension>
#186    TestWidgetsFlutterBinding._runTestBody (package:flutter_test/src/binding.dart:1059:5)
<asynchronous suspension>
<asynchronous suspension>
(elided 5 frames from dart:async and package:stack_trace)

════════════════════════════════════════════════════════════════════════════════════════════════════
══╡ EXCEPTION CAUGHT BY FLUTTER TEST FRAMEWORK ╞════════════════════════════════════════════════════
The following message was thrown:
Multiple exceptions (3) were detected during the running of the current test, and at least one was
unexpected.
════════════════════════════════════════════════════════════════════════════════════════════════════
00:05 +0 -1: Route Existence can navigate to maintenance screen [E]
  Test failed. See exception logs above.
  The test description was: can navigate to maintenance screen


To run this test again: /opt/flutter/bin/cache/dart-sdk/bin/dart test /app/test/core/router/app_router_test.dart -p vm --plain-name 'Route Existence can navigate to maintenance screen'
00:05 +0 -1: (tearDownAll)                                                                                                                                                                             00:05 +0 -1: Some tests failed.
